// Jest Snapshot v1, https://goo.gl/fbAQLP

exports[`should render correctly with no props 1`] = `
<header
  id="nav-bar"
>
  <nav>
    <div
      className="menu-icon"
    >
      <i
        className="fa fa-bars fa-2x"
      />
    </div>
    <div
      className="logo"
    >
      <a
        href="#"
      >
        Servize
      </a>
    </div>
    <div
      className="menu"
    >
      <ul>
        <li>
          <a
            href="#"
          >
            How it Works
          </a>
        </li>
        <li>
          <a
            href="#"
          >
            Browse Jobs
          </a>
        </li>
        <li>
          <a
            href="#"
          >
            Language
          </a>
        </li>
        <li>
          <a
            href="#"
          >
            Become a Seller
          </a>
        </li>
        <li>
          <a
            href="#"
          >
            Sign In
          </a>
        </li>
        <li>
          <Link
            to="/user/forgot-password"
          >
            Join
          </Link>
        </li>
      </ul>
    </div>
  </nav>
</header>
`;
